<html>
<body>
<pre>
<h1>µVision Build Log</h1>
<h2>Project:</h2>
C:\Users\Jain Pham\Dropbox\StmF1\read 2 data\GPIO_ICViet\GPIO\MDK-ARM\project.uvproj
Project File Date:  05/17/2017

<h2>Output:</h2>
Build target 'Test'
compiling main.c...
linking...
Program Size: Code=3336 RO-data=268 RW-data=40 ZI-data=1736  
FromELF: creating hex file...
".\Objects\project.axf" - 0 Error(s), 0 Warning(s).
Load "C:\\Users\\Jain Pham\\Dropbox\\StmF1\\read 2 data\\GPIO_ICViet\\GPIO\\MDK-ARM\\Objects\\project.AXF" 
Erase Done.
Programming Done.
Verify OK.
Application running ...
Build target 'Test'
compiling main.c...
linking...
Program Size: Code=3336 RO-data=268 RW-data=40 ZI-data=1736  
FromELF: creating hex file...
".\Objects\project.axf" - 0 Error(s), 0 Warning(s).
Load "C:\\Users\\Jain Pham\\Dropbox\\StmF1\\read 2 data\\GPIO_ICViet\\GPIO\\MDK-ARM\\Objects\\project.AXF" 
Erase Done.
Programming Done.
Verify OK.
Application running ...
